<?xml version="1.0" encoding="UTF-8"?>
<testsuites name="Mocha Tests" time="6.3270" tests="1" failures="0">
  <testsuite name="Root Suite" timestamp="2022-06-17T07:04:53" tests="0" file="cypress/e2e/apps/web-app/video_call_e2e.cy.js" time="0.0000" failures="0">
  </testsuite>
  <testsuite name="E2E Booking - Video Call Appointments" timestamp="2022-06-17T07:04:54" tests="1" time="5.7310" failures="0">
    <testcase name="E2E Booking - Video Call Appointments Free Video Call" time="5.8690" classname="Free Video Call">
    </testcase>
  </testsuite>
</testsuites>